To honour the JVM settings for this build a single-use Daemon process will be forked. For more on this, please refer to https://docs.gradle.org/8.13/userguide/gradle_daemon.html#sec:disabling_the_daemon in the Gradle documentation.
Daemon will be stopped at the end of the build 
Incluyendo subproyecto 'neoforge' para Minecraft 1.21.1

> Configure project :
Interiors v0.5.6
Architect Plugin: 3.4.161
Found stageable results:
 M build.gradle.kts
 M common/build.gradle.kts
 M fabric/build.gradle.kts
 M gradle.properties
 M neoforge/build.gradle.kts
 M settings.gradle.kts
?? build.log

Architectury Loom: 1.9.428
This version of Architectury Loom is in beta! Please report any issues you encounter: https://github.com/architectury/architectury-loom/issues

> Configure project :fabric
Previous process has disowned the lock due to abrupt termination.
Found existing cache lock file (ACQUIRED_PREVIOUS_OWNER_DISOWNED), rebuilding loom cache. This may have been caused by a failed or canceled build.

[Incubating] Problems report is available at: file:///workspaces/CreateInteriorsMod/build/reports/problems/problems-report.html

FAILURE: Build failed with an exception.

* What went wrong:
A problem occurred configuring project ':fabric'.
> Could not resolve all files for configuration ':fabric:modImplementation'.
   > Could not resolve com.tterrag.registrate:Registrate:MC1.21-1.3.3.
     Required by:
         project :fabric
      > Could not resolve com.tterrag.registrate:Registrate:MC1.21-1.3.3.
         > Could not get resource 'https://jitpack.io/com/tterrag/registrate/Registrate/MC1.21-1.3.3/Registrate-MC1.21-1.3.3.pom'.
            > Could not GET 'https://jitpack.io/com/tterrag/registrate/Registrate/MC1.21-1.3.3/Registrate-MC1.21-1.3.3.pom'. Received status code 401 from server: Unauthorized

* Try:
> Run with --stacktrace option to get the stack trace.
> Run with --info or --debug option to get more log output.
> Run with --scan to get full insights.
> Get more help at https://help.gradle.org.

Deprecated Gradle features were used in this build, making it incompatible with Gradle 9.0.

You can use '--warning-mode all' to show the individual deprecation warnings and determine if they come from your own scripts or plugins.

For more on this, please refer to https://docs.gradle.org/8.13/userguide/command_line_interface.html#sec:command_line_warnings in the Gradle documentation.

BUILD FAILED in 16s
